// Jest Snapshot v1, https://goo.gl/fbAQLP

exports[`matches snapshot 1`] = `
<div>
  <h1>
    GitHub User Search
  </h1>
  <form
    onSubmit={[Function]}
  >
    <input
      onChange={[Function]}
      placeholder="Enter Github username"
      value=""
    />
    <button
      type="submit"
    >
      Search
    </button>
  </form>
</div>
`;
